
true
false

true
false

true
false
Concatenation (,)
true
false
Concatenation (,)
true
false
Concatenation (,Concatenation (,))
true
false
a
false
false
false
true
a
true
false
Concatenation (a,b)
true
false
a
true
false
Concatenation (a,b)
true
false
Concatenation (a,b)
true
false
Concatenation (a,b)
true
false
Concatenation (a,b)
true
false
Concatenation (,Concatenation (,a))
true
false
