Disjunction (Star (),Star ())
true
false
Disjunction (Star (),Disjunction (,Star ()))
true
false
Disjunction (Star (),Disjunction (Star (),Star ()))
true
false
Disjunction (Star (Star ()),Star (Star ()))
true
false
Disjunction (Concatenation (Disjunction (a,b),Disjunction (c,d)),e)
false
true
true
true
true
false
false
false
false
false
false
false
false
false
false
Star (Disjunction (Star (a),b))
true
true
true
true
true
true
true

