Disjunction (a,Disjunction (,b))
true
true
false
true
Disjunction (Concatenation (d,Disjunction (a,b)),c)
false
false
false
true
true
true
false
false
false
false
false
true
false
false
Concatenation (Disjunction (a,b),Disjunction (c,d))
false
false
false
false
true
true
true
true
false
Disjunction (Disjunction (a,b),Disjunction (c,d))
true
true
true
true
false
false
false
false
false

