Star (a)
true
true
true
false
false
Concatenation (a,Star (b))
false
true
true
true
false
false
Concatenation (Star (a),b)
false
true
true
true
false
false
Star (Star (a))
true
true
true
false
Concatenation (a,Star (Star (b)))
false
true
true
true
false
false
Concatenation (Star (Star (a)),b)
false
true
true
true
false
false
Concatenation (Star (),a)
false
true
false
Concatenation (Star (),Star (a))
true
true
false
Concatenation (Star (Star ()),Star (Star (a)))
true
true
false
Concatenation (Star (a),Star (b))
true
true
true
true
true
true
true
false
false
false
Concatenation (Star (a),Concatenation (Star (b),Star (c)))
true
true
true
true
true
true
true
true
true
true
false
false
