1: (1,2) (3,4) (5,6) (7,8)
0
1: (1,2) (3,4) (5,6) (7,8) (100,0)
1: (1,2) (3,4) (5,6) (7,8) (100,100)
1: (1,2) (3,4) (5,6) (7,8)
4
1: (1,2) (3,4) (5,6) (7,8)
