1:
0
1:
1: (5,5)
1
1: (5,5)
1: (3,3) (5,5)
2
1: (3,3) (5,5)
1: (3,3) (4,4) (5,5)
3
1: (3,3) (4,4) (5,5)
1: (2,2) (3,3) (4,4) (5,5)
4
1: (2,2) (3,3) (4,4) (5,5)
1: (1,1) (2,2) (3,3) (4,4) (5,5)
5
1: (1,1) (2,2) (3,3) (4,4) (5,5)
1: (1,1) (2,2) (3,3) (4,4) (5,5) (7,7)
6
1: (1,1) (2,2) (3,3) (4,4) (5,5) (7,7)
1: (1,1) (2,2) (3,3) (4,4) (5,5) (6,6) (7,7)
7
1: (1,1) (2,2) (3,3) (4,4) (5,5) (6,6) (7,7)
1: (1,1) (2,2) (3,3) (4,4) (5,5) (6,6) (7,7) (8,8)
8
1: (1,1) (2,2) (3,3) (4,4) (5,5) (6,6) (7,7) (8,8)
1: (1,1) (2,2) (3,3) (4,4) (5,5) (6,6) (7,7) (8,8) (9,9)
9
1: (1,1) (2,2) (3,3) (4,4) (5,5) (6,6) (7,7) (8,8) (9,9)
1: (2,2) (3,3) (4,4) (5,5) (6,6) (7,7) (8,8) (9,9)
8
1: (2,2) (3,3) (4,4) (5,5) (6,6) (7,7) (8,8) (9,9)
1: (3,3) (4,4) (5,5) (6,6) (7,7) (8,8) (9,9)
7
1: (3,3) (4,4) (5,5) (6,6) (7,7) (8,8) (9,9)
1: (4,4) (5,5) (6,6) (7,7) (8,8) (9,9)
6
1: (4,4) (5,5) (6,6) (7,7) (8,8) (9,9)
1: (5,5) (6,6) (7,7) (8,8) (9,9)
5
1: (5,5) (6,6) (7,7) (8,8) (9,9)
1: (6,6) (7,7) (8,8) (9,9)
4
1: (6,6) (7,7) (8,8) (9,9)
1: (7,7) (8,8) (9,9)
3
1: (7,7) (8,8) (9,9)
1: (8,8) (9,9)
2
1: (8,8) (9,9)
1: (9,9)
1
1: (9,9)
1:
0
1:
1:
2: (1,2) (3,4) (5,6) (7,8)
4
1:
2: (1,2) (3,4) (5,6) (7,8)
1:
2: (3,4) (5,6) (7,8)
3
1:
2: (3,4) (5,6) (7,8)
