1:
1: (5,5)
1: (4,4) (5,5)
1: (3,3) (4,4) (5,5)
1: (3,3) (4,4) (5,5) (8,8)
1: (3,3) (4,4) (5,5) (7,7) (8,8)
