1:
0
1:
1: (0,0)
1
1: (0,0)
0
1: (0,0)
1: (0,0) (1,1)
1
1: (0,0) (1,1)
1
1: (0,0) (1,1)
0
1: (0,0) (1,1)
1: (0,0)
0
1: (0,0)
1
1: (0,0)
1:
0
1:
1: (5,5)
1: (3,3) (5,5)
1: (3,3) (4,4) (5,5)
1: (2,2) (3,3) (4,4) (5,5)
1: (1,1) (2,2) (3,3) (4,4) (5,5)
1: (1,1) (2,2) (3,3) (4,4) (5,5) (7,7)
1: (1,1) (2,2) (3,3) (4,4) (5,5) (6,6) (7,7)
1: (1,1) (2,2) (3,3) (4,4) (5,5) (6,6) (7,7) (8,8)
1: (1,1) (2,2) (3,3) (4,4) (5,5) (6,6) (7,7) (8,8) (9,9)
0
1: (1,1) (2,2) (3,3) (4,4) (5,5) (6,6) (7,7) (8,8) (9,9)
1
1: (1,1) (2,2) (3,3) (4,4) (5,5) (6,6) (7,7) (8,8) (9,9)
1
1: (1,1) (2,2) (3,3) (4,4) (5,5) (6,6) (7,7) (8,8) (9,9)
1
1: (1,1) (2,2) (3,3) (4,4) (5,5) (6,6) (7,7) (8,8) (9,9)
1
1: (1,1) (2,2) (3,3) (4,4) (5,5) (6,6) (7,7) (8,8) (9,9)
1
1: (1,1) (2,2) (3,3) (4,4) (5,5) (6,6) (7,7) (8,8) (9,9)
1
1: (1,1) (2,2) (3,3) (4,4) (5,5) (6,6) (7,7) (8,8) (9,9)
1
1: (1,1) (2,2) (3,3) (4,4) (5,5) (6,6) (7,7) (8,8) (9,9)
1
1: (1,1) (2,2) (3,3) (4,4) (5,5) (6,6) (7,7) (8,8) (9,9)
1
1: (1,1) (2,2) (3,3) (4,4) (5,5) (6,6) (7,7) (8,8) (9,9)
0
1: (1,1) (2,2) (3,3) (4,4) (5,5) (6,6) (7,7) (8,8) (9,9)
1: (1,1) (2,2) (3,3) (4,4) (5,5) (6,6) (7,7) (8,8) (9,9)
2: (1,2) (3,4) (5,6) (7,8)
1
1: (1,1) (2,2) (3,3) (4,4) (5,5) (6,6) (7,7) (8,8) (9,9)
2: (1,2) (3,4) (5,6) (7,8)
0
1: (1,1) (2,2) (3,3) (4,4) (5,5) (6,6) (7,7) (8,8) (9,9)
2: (1,2) (3,4) (5,6) (7,8)
1
1: (1,1) (2,2) (3,3) (4,4) (5,5) (6,6) (7,7) (8,8) (9,9)
2: (1,2) (3,4) (5,6) (7,8)
0
1: (1,1) (2,2) (3,3) (4,4) (5,5) (6,6) (7,7) (8,8) (9,9)
2: (1,2) (3,4) (5,6) (7,8)
