1:
Exception
1:
0
1: (0,0)
0
1: (0,0)
Exception
1: (0,0)
1: (0,1)
1
1: (0,1)
1: (0,1) (1,2)
1
1: (0,1) (1,2)
2
1: (0,1) (1,2)
Exception
1: (0,1) (1,2)
Exception
1: (0,1) (1,2)
1: (1,2)
Exception
1: (1,2)
2
1: (1,2)
Exception
1: (1,2)
1:
Exception
1:
Exception
1:
1: (5,5)
1: (3,3) (5,5)
1: (3,3) (4,4) (5,5)
1: (2,2) (3,3) (4,4) (5,5)
2
1: (2,2) (3,3) (4,4) (5,5)
3
1: (2,2) (3,3) (4,4) (5,5)
4
1: (2,2) (3,3) (4,4) (5,5)
5
1: (2,2) (3,3) (4,4) (5,5)
1: (2,2) (3,3) (4,4) (5,5)
2: (1,2) (3,4) (5,6) (7,8)
2
1: (2,2) (3,3) (4,4) (5,5)
2: (1,2) (3,4) (5,6) (7,8)
Exception
1: (2,2) (3,3) (4,4) (5,5)
2: (1,2) (3,4) (5,6) (7,8)
8
1: (2,2) (3,3) (4,4) (5,5)
2: (1,2) (3,4) (5,6) (7,8)
